C:\Users\hello\Documents\sports-cave-image-factory\.venv\Lib\site-packages\fastapi\testclient.py:1: StarletteDeprecationWarning: Using `httpx` with `starlette.testclient` is deprecated; install `httpx2` instead.
  from starlette.testclient import TestClient as TestClient  # noqa
automation_read stage=delivery failure=ValueError
.AUTOMATIONS_HOME_READ_TIMEOUT read=counts key=c7e540faadcc future=- elapsed_ms=21000
.AUTOMATIONS_HOME_READ_START read=identities key=89d98dda1319 future=- 
AUTOMATIONS_HOME_READ_COMPLETE read=identities key=89d98dda1319 future=- elapsed_ms=0 rows=1
AUTOMATIONS_HOME_RESULT_CONSUMED read=identities key=89d98dda1319 future=- rows=1
.AUTOMATIONS_HOME_READ_START read=identities key=89d98dda1319 future=- 
AUTOMATIONS_HOME_READ_COMPLETE read=identities key=89d98dda1319 future=- elapsed_ms=0 rows=0
AUTOMATIONS_HOME_RESULT_CONSUMED read=identities key=89d98dda1319 future=- rows=0
.AUTOMATIONS_HOME_READ_START read=identities key=89d98dda1319 future=- 
AUTOMATIONS_HOME_READ_COMPLETE read=identities key=89d98dda1319 future=- elapsed_ms=0 rows=1
AUTOMATIONS_HOME_RESULT_CONSUMED read=identities key=89d98dda1319 future=- rows=1
AUTOMATIONS_HOME_READ_START read=identities key=89d98dda1319 future=- 
AUTOMATIONS_HOME_READ_TIMEOUT read=identities key=89d98dda1319 future=- exception=TimeoutError
..AUTOMATIONS_HOME_READ_TIMEOUT read=activity key=d638138bf356 future=0x145522ed450 elapsed_ms=21000
.......F..................automation_publication job_id=0ff6f3ac-8022-4ee6-bbc0-2ebe9ef6d765 revision=3 state=FAILED error_class=ValueError
..automation_publication job_id=9684e2ca-9063-469b-8045-ba584ba3c09e revision=2 state=FAILED error_class=ValueError
..AUTOMATIONS_HOME_READ_START read=identities key=89d98dda1319 future=- 
AUTOMATIONS_HOME_READ_COMPLETE read=identities key=89d98dda1319 future=- elapsed_ms=4 rows=0
AUTOMATIONS_HOME_RESULT_CONSUMED read=identities key=89d98dda1319 future=- rows=0
AUTOMATIONS_HOME_READ_START read=identities key=89d98dda1319 future=- 
AUTOMATIONS_HOME_READ_COMPLETE read=identities key=89d98dda1319 future=- elapsed_ms=25 rows=1
AUTOMATIONS_HOME_RESULT_CONSUMED read=identities key=89d98dda1319 future=- rows=1
AUTOMATIONS_HOME_READ_START read=identities key=89d98dda1319 future=- 
AUTOMATIONS_HOME_READ_COMPLETE read=identities key=89d98dda1319 future=- elapsed_ms=4 rows=1
AUTOMATIONS_HOME_RESULT_CONSUMED read=identities key=89d98dda1319 future=- rows=1
AUTOMATIONS_HOME_READ_START read=identities key=89d98dda1319 future=- 
AUTOMATIONS_HOME_READ_COMPLETE read=identities key=89d98dda1319 future=- elapsed_ms=25 rows=1
AUTOMATIONS_HOME_RESULT_CONSUMED read=identities key=89d98dda1319 future=- rows=1
......automation_publication job_id=eaee9f1d-5c99-4972-9efc-0bba7ab6ae17 revision=2 state=FAILED error_class=ValueError
..automation_publication job_id=8d79ce92-3720-46ed-a50c-42992f85f048 revision=2 state=FAILED error_class=ValueError
automation_publication job_id=8d79ce92-3720-46ed-a50c-42992f85f048 revision=2 state=FAILED error_class=ValueError
.automation_publication job_id=0c22f3b0-5dc2-4163-9109-574d9294e51e revision=2 state=QUEUED error_class=StoreUnavailable
...............................2026-10-08 13:44:08.822 WARNING streamlit.runtime.scriptrunner_utils.script_run_context: Thread 'MainThread': missing ScriptRunContext! This warning can be ignored when running in bare mode.
2026-10-08 13:44:08.970 Please replace `st.components.v1.html` with `st.iframe`.

`st.components.v1.html` will be removed after 2026-06-01.
2026-10-08 13:44:08.975 Please replace `st.components.v1.html` with `st.iframe`.

`st.components.v1.html` will be removed after 2026-06-01.
2026-10-08 13:44:08.978 Please replace `st.components.v1.html` with `st.iframe`.

`st.components.v1.html` will be removed after 2026-06-01.
2026-10-08 13:44:08.982 Please replace `st.components.v1.html` with `st.iframe`.

`st.components.v1.html` will be removed after 2026-06-01.
2026-10-08 13:44:08.985 Please replace `st.components.v1.html` with `st.iframe`.

`st.components.v1.html` will be removed after 2026-06-01.
2026-10-08 13:44:08.988 Please replace `st.components.v1.html` with `st.iframe`.

`st.components.v1.html` will be removed after 2026-06-01.
..2026-10-08 13:44:08.994 Thread 'MainThread': missing ScriptRunContext! This warning can be ignored when running in bare mode.
2026-10-08 13:44:09.000 Please replace `st.components.v1.html` with `st.iframe`.

`st.components.v1.html` will be removed after 2026-06-01.
2026-10-08 13:44:09.004 Please replace `st.components.v1.html` with `st.iframe`.

`st.components.v1.html` will be removed after 2026-06-01.
2026-10-08 13:44:09.007 Please replace `st.components.v1.html` with `st.iframe`.

`st.components.v1.html` will be removed after 2026-06-01.
...............s...campaign_home stage=attribution failure=ValueError
campaign_home stage=attribution failure=ValueError
campaign_home stage=attribution failure=ValueError
campaign_home stage=attribution failure=ValueError
.campaign_home stage=table failure=StoreUnavailable
........campaign_home stage=counts failure=StoreUnavailable
.2026-10-08 13:44:09.327 Thread 'MainThread': missing ScriptRunContext! This warning can be ignored when running in bare mode.
2026-10-08 13:44:09.327 Thread 'MainThread': missing ScriptRunContext! This warning can be ignored when running in bare mode.
F2026-10-08 13:44:09.342 Thread 'MainThread': missing ScriptRunContext! This warning can be ignored when running in bare mode.
2026-10-08 13:44:09.342 Thread 'MainThread': missing ScriptRunContext! This warning can be ignored when running in bare mode.
F..2026-10-08 13:44:09.690 Thread 'MainThread': missing ScriptRunContext! This warning can be ignored when running in bare mode.
F.2026-10-08 13:44:09.706 Thread 'MainThread': missing ScriptRunContext! This warning can be ignored when running in bare mode.
2026-10-08 13:44:09.706 Thread 'MainThread': missing ScriptRunContext! This warning can be ignored when running in bare mode.
2026-10-08 13:44:09.728 Thread 'MainThread': missing ScriptRunContext! This warning can be ignored when running in bare mode.
2026-10-08 13:44:09.728 Thread 'MainThread': missing ScriptRunContext! This warning can be ignored when running in bare mode.
.2026-10-08 13:44:09.751 Thread 'MainThread': missing ScriptRunContext! This warning can be ignored when running in bare mode.
2026-10-08 13:44:09.751 Thread 'MainThread': missing ScriptRunContext! This warning can be ignored when running in bare mode.
.2026-10-08 13:44:09.772 Thread 'MainThread': missing ScriptRunContext! This warning can be ignored when running in bare mode.
2026-10-08 13:44:09.772 Thread 'MainThread': missing ScriptRunContext! This warning can be ignored when running in bare mode.
.2026-10-08 13:44:09.794 Thread 'MainThread': missing ScriptRunContext! This warning can be ignored when running in bare mode.
2026-10-08 13:44:09.798 Uncaught app execution
Traceback (most recent call last):
  File "C:\Users\hello\Documents\sports-cave-image-factory\.venv\Lib\site-packages\streamlit\runtime\fragment.py", line 442, in wrapped_fragment
    result = non_optional_func(*args, **kwargs)
  File "C:\Users\hello\Documents\sports-cave-image-factory\crm_campaign_page.py", line 290, in campaign_workspace
    _selected_campaign(shop,store,actions,navigate,drafts,toolbar=toolbar)
    ~~~~~~~~~~~~~~~~~~^^^^^^^^^^^^^^^^^^^^^^^^^^^^^^^^^^^^^^^^^^^^^^^^^^^^
  File "C:\Python314\Lib\unittest\mock.py", line 1175, in __call__
    return self._mock_call(*args, **kwargs)
           ~~~~~~~~~~~~~~~^^^^^^^^^^^^^^^^^
  File "C:\Python314\Lib\unittest\mock.py", line 1179, in _mock_call
    return self._execute_mock_call(*args, **kwargs)
           ~~~~~~~~~~~~~~~~~~~~~~~^^^^^^^^^^^^^^^^^
  File "C:\Python314\Lib\unittest\mock.py", line 1240, in _execute_mock_call
    result = effect(*args, **kwargs)
TypeError: editor() got an unexpected keyword argument 'toolbar'
F2026-10-08 13:44:09.801 Thread 'MainThread': missing ScriptRunContext! This warning can be ignored when running in bare mode.
2026-10-08 13:44:09.801 Thread 'MainThread': missing ScriptRunContext! This warning can be ignored when running in bare mode.
2026-10-08 13:44:09.815 Thread 'MainThread': missing ScriptRunContext! This warning can be ignored when running in bare mode.
2026-10-08 13:44:09.815 Thread 'MainThread': missing ScriptRunContext! This warning can be ignored when running in bare mode.
2026-10-08 13:44:09.826 Thread 'MainThread': missing ScriptRunContext! This warning can be ignored when running in bare mode.
2026-10-08 13:44:09.826 Thread 'MainThread': missing ScriptRunContext! This warning can be ignored when running in bare mode.
2026-10-08 13:44:09.839 Thread 'MainThread': missing ScriptRunContext! This warning can be ignored when running in bare mode.
2026-10-08 13:44:09.839 Thread 'MainThread': missing ScriptRunContext! This warning can be ignored when running in bare mode.
2026-10-08 13:44:09.851 Thread 'MainThread': missing ScriptRunContext! This warning can be ignored when running in bare mode.
2026-10-08 13:44:09.851 Thread 'MainThread': missing ScriptRunContext! This warning can be ignored when running in bare mode.
2026-10-08 13:44:09.864 Thread 'MainThread': missing ScriptRunContext! This warning can be ignored when running in bare mode.
2026-10-08 13:44:09.864 Thread 'MainThread': missing ScriptRunContext! This warning can be ignored when running in bare mode.
.2026-10-08 13:44:09.876 Thread 'MainThread': missing ScriptRunContext! This warning can be ignored when running in bare mode.
...2026-10-08 13:44:10.046 Thread 'MainThread': missing ScriptRunContext! This warning can be ignored when running in bare mode.
2026-10-08 13:44:10.047 Thread 'MainThread': missing ScriptRunContext! This warning can be ignored when running in bare mode.
audience_prepare failed type=TypeError
audience_prepare failed type=TypeError
audience_prepare failed type=TypeError
audience_prepare failed type=TypeError
audience_prepare failed type=TypeError
audience_prepare failed type=TypeError
audience_prepare failed type=TypeError
audience_prepare failed type=TypeError
audience_prepare failed type=TypeError
audience_prepare failed type=TypeError
audience_prepare failed type=TypeError
audience_prepare failed type=TypeError
2026-10-08 13:44:10.288 Please replace `st.components.v1.html` with `st.iframe`.

`st.components.v1.html` will be removed after 2026-06-01.
2026-10-08 13:44:10.290 Thread 'MainThread': missing ScriptRunContext! This warning can be ignored when running in bare mode.
audience_prepare failed type=TypeError
2026-10-08 13:44:10.440 Please replace `st.components.v1.html` with `st.iframe`.

`st.components.v1.html` will be removed after 2026-06-01.
2026-10-08 13:44:10.617 Please replace `st.components.v1.html` with `st.iframe`.

`st.components.v1.html` will be removed after 2026-06-01.
2026-10-08 13:44:10.887 Please replace `st.components.v1.html` with `st.iframe`.

`st.components.v1.html` will be removed after 2026-06-01.
F.......
======================================================================
FAIL: test_automation_only_polling_and_debounce (tests.test_crm_automation_preview_stability.PreviewStabilityTests.test_automation_only_polling_and_debounce)
----------------------------------------------------------------------
Traceback (most recent call last):
  File "C:\Users\hello\Documents\sports-cave-image-factory\tests\test_crm_automation_preview_stability.py", line 68, in test_automation_only_polling_and_debounce
    self.assertIn("not any(s['type']==BLOCK",section)
    ~~~~~~~~~~~~~^^^^^^^^^^^^^^^^^^^^^^^^^^^^^^^^^^^^
AssertionError: "not any(s['type']==BLOCK" not found in '"""Compact middle composer + lazy product picker using the existing component bridge."""\nfrom copy import deepcopy\nfrom pathlib import Path\nimport logging\nimport uuid\nimport streamlit as st\nimport streamlit.components.v1 as components\nfrom crm_campaign_recovery import autosaving, flush_current\nfrom crm_component_json import render_component\nfrom crm_middle_sections import middle_sections, apply_event, commit_middle\nfrom crm_catalogue import Catalogue, product_issues, price_label, refresh_catalogues\n\n\ndef rerun_editor():\n    flush_current()\n    from streamlit.errors import StreamlitAPIException\n    try: st.rerun(scope=\'fragment\')\n    except StreamlitAPIException: st.rerun()\n\n\n@st.dialog(\'Select products\', width=\'medium\', on_dismiss=\'rerun\')\n@autosaving\ndef product_picker(doc, section_id, catalogue, key, editor_key=None):\n    section = next(s for s in middle_sections(doc) if s[\'id\']==section_id)\n    basket = st.session_state.setdefault(key+\'basket\', {p[\'id\']:deepcopy(p) for p in section[\'products\']})\n    query = st.text_input(\'Search products…\', max_chars=150, key=key+\'search_text\')\n    try:\n        choices = catalogue.collections()\n        if choices.get(\'stale\'): st.caption(\'Showing cached collections. Refresh will retry shortly.\')\n        st.session_state[key+\'collections\'] = choices[\'rows\']\n    except Exception:\n        st.caption(\'Collections temporarily unavailable. Existing selection retained.\')\n    options = {r[\'id\']:r[\'title\'] for r in st.session_state.get(key+\'collections\',[])}\n    old = st.session_state.get(key+\'collection\',\'\')\n    if old and old not in options: options[old] = \'Selected collection (unavailable)\'\n    collection = st.selectbox(\'Collection\', [\'\',*options], format_func=lambda i:options.get(i,\'All collections\'), key=key+\'collection\')\n    active = st.checkbox(\'Active only\', True, key=key+\'active_control\')\n    submitted = st.button(\'Search\', key=key+\'search_button\')\n    # Text inputs submit on Enter/blur, not every keystroke. Dialog reruns stay local.\n    filters = (query.strip(),active,collection)\n    if filters != st.session_state.get(key+\'filters\'):\n        st.session_state[key+\'filters\'] = filters\n        st.session_state[key+\'offset\'] = 0; st.session_state.pop(key+\'page\', None)\n        st.session_state[key+\'generation\'] = uuid.uuid4().hex\n    try:\n        if key+\'page\' not in st.session_state:\n            with st.spinner(\'Loading products…\'):\n                page = catalogue.search(query,st.session_state.get(key+\'offset\',0),active,collection)\n                st.session_state[key+\'page\'] = page\n        page = st.session_state[key+\'page\']\n        facts = page[\'rows\']\n        if page.get(\'stale\'):st.caption(\'Showing cached products. Refresh will retry shortly.\')\n        if not facts:st.caption(\'No products found in this collection.\' if collection else \'No matching products.\')\n        for p in facts:\n            a,b,c = st.columns([1,7,2], vertical_alignment=\'center\')\n            selected = a.checkbox(\'Select \'+p[\'title\'],p[\'id\'] in basket,label_visibility=\'collapsed\',key=key+st.session_state[key+\'generation\']+p[\'id\'])\n            if selected: basket[p[\'id\']] = p\n            else: basket.pop(p[\'id\'], None)\n            with b.container(horizontal=True,vertical_alignment=\'center\'):\n                from crm_campaign_html import email_image_url\n                if email_image_url(p[\'image\']): st.image(email_image_url(p[\'image\']),width=38)\n                st.text(p[\'title\'])\n            c.caption(p[\'status\'])\n        left,right=st.columns(2)\n        if left.button(\'Previous\',disabled=st.session_state.get(key+\'offset\',0)==0,key=key+\'prev\'):\n            st.session_state[key+\'offset\']-=12;st.session_state.pop(key+\'page\');st.session_state[key+\'generation\']=uuid.uuid4().hex;st.rerun(scope=\'fragment\')\n        if right.button(\'Next\',disabled=not page[\'more\'],key=key+\'next\'):\n            st.session_state[key+\'offset\']=st.session_state.get(key+\'offset\',0)+12;st.session_state.pop(key+\'page\');st.session_state[key+\'generation\']=uuid.uuid4().hex;st.rerun(scope=\'fragment\')\n        st.caption(\'Selected: \'+str(len(basket))+\' / 12\')\n        cancel,add=st.columns(2)\n        if cancel.button(\'Cancel\',key=key+\'cancel\'):\n            st.session_state.pop(key+\'basket\',None);st.rerun()\n        if add.button(\'Add selected\',type=\'primary\',disabled=len(basket)>12,key=key+\'add\'):\n            with st.spinner(\'Checking current product facts…\'):\n                selected = catalogue.resolve(list(basket),doc[\'market\'],fresh=True)\n            sections=middle_sections(doc)\n            next(s for s in sections if s[\'id\']==section_id)[\'products\']=selected\n            commit_middle(doc,sections);doc[\'copy_reviewed\']=False\n            if editor_key:\n                previous=st.session_state.get(editor_key+\'catalogue_loaded\',(doc[\'market\'],()))\n                known=set(previous[1]) if previous[0]==doc[\'market\'] else set()\n                known.update(p[\'id\'] for p in selected)\n                visible=tuple(sorted({p[\'id\'] for s in sections if s[\'type\']==\'catalogue\' and s[\'visible\'] for p in s[\'products\']}))\n                if set(visible)<=known:\n                    st.session_state[editor_key+\'catalogue_loaded\']=(doc[\'market\'],visible)\n            st.session_state.pop(key+\'basket\',None);st.rerun()\n    except Exception as exc:\n        logging.getLogger(__name__).warning(\'crm_catalogue_picker_failed type=%s\',type(exc).__name__)\n        st.warning(\'Product catalogue is temporarily unavailable. Your selections are retained.\')\n        if st.button(\'Retry product loading\',key=key+\'retry\'):\n            st.session_state.pop(key+\'page\',None);st.rerun(scope=\'fragment\')\n\n\ndef middle_editor(doc, key, shop, store=None):\n    if any(s.get(\'type\')==\'abandoned_checkout_products\' for s in doc.get(\'middle_sections\',[])):\n        from crm_checkout_section import editable\n        doc.update(editable(doc))\n    # Resolve only selected, visible products once per opened draft/market/selection.\n    # Preview size and text edits never trigger product/edition reads.\n    selection=(doc[\'market\'],tuple(sorted({p[\'id\'] for s in middle_sections(doc)\n        if s[\'type\']==\'catalogue\' and s[\'visible\'] for p in s[\'products\']})))\n    if selection[1] and st.session_state.get(key+\'catalogue_loaded\')!=selection:\n        st.session_state[key+\'catalogue_loaded\']=selection\n        try:\n            with st.spinner(\'Loading selected product facts…\'):\n                current=refresh_catalogues(doc,Catalogue(shop),fresh=False)\n            if current!=doc:doc.update(current);doc[\'copy_reviewed\']=False\n        except Exception as exc:\n            logging.getLogger(__name__).warning(\'crm_catalogue_load_failed type=%s\',type(exc).__name__)\n            st.warning(\'Current product facts are unavailable. Saved preview retained; refresh catalogue facts before testing.\')\n    sections = middle_sections(doc)\n    warnings = {s[\'id\']:[issue for p in s[\'products\'] for issue in product_issues(p,s[\'settings\'])]\n                for s in sections if s[\'type\']==\'catalogue\'}\n    component = components.declare_component(\'crm_middle_sections_v2\',path=str(Path(__file__).parent/\'components\'/\'crm_sections\'))\n    templates=[]\n    if store is not None:\n        from crm_campaign_library import library_rows\n        from crm_store import StoreUnavailable\n        try:templates=[{k:r[k] for k in (\'id\',\'name\',\'version\')} for r in library_rows(store)]\n        except StoreUnavailable:st.caption(\'Templates temporarily unavailable. Add HTML and Add Catalogue remain available.\')\n    from crm_image_prompt import image_prompt\n    from crm_email_editor_context import current\n    editor = current(st.session_state,{})\n    campaign_name = editor.get(\'name\', \'\') if editor.get(\'document\') is doc else \'\'\n    from crm_email_prompt import handoff\n    from crm_prompt_copy import clipboard_script\n    verified=handoff(st.session_state,editor) if campaign_name else None\n    event = render_component(component,preview_debounce=350 if getattr(store,\'email_mode\',None)==\'automation\' else 750,clipboard_script=clipboard_script(),history_scope=doc.get(\'campaign_key\',key),image_prompt=image_prompt(doc,campaign_name,verified),sections=sections,templates=templates,warnings=warnings,ack=st.session_state.get(key+\'section_event\'),key=key+\'middle\',default=None)\n    if st.session_state.get(key+\'section_error\'):st.warning(st.session_state.pop(key+\'section_error\'))\n    if event and event.get(\'event\') != st.session_state.get(key+\'section_event\'):\n        st.session_state[key+\'section_event\'] = event.get(\'event\')\n        try:\n            if event.get(\'type\')==\'add\' and event.get(\'kind\')==\'checkout\':\n                if store is None:raise ValueError(\'Template storage is unavailable.\')\n                from crm_checkout_section import insert\n                insert(store,doc,event);rerun_editor()\n            elif event.get(\'type\')==\'add\' and event.get(\'kind\')==\'template\':\n                if store is None:raise ValueError(\'Template storage is unavailable.\')\n                from crm_campaign_library import insert_saved_template\n                from crm_store import StoreUnavailable\n                try:\n                    with st.spinner(\'Loading template...\'):\n                        insert_saved_template(store,doc,event.get(\'template_id\'),event.get(\'version\'))\n                except (ValueError,StoreUnavailable):raise ValueError(\'Template could not be loaded.\') from None\n                rerun_editor()\n            elif event.get(\'type\')==\'picker\':\n                if not any(s[\'id\']==event.get(\'id\') and s[\'type\']==\'catalogue\' for s in sections): raise ValueError(\'Catalogue not found.\')\n                picker_key=key+\'picker_\'+event[\'id\']\n                for suffix in (\'basket\',\'page\'):st.session_state.pop(picker_key+suffix,None)\n                st.session_state[picker_key+\'generation\']=uuid.uuid4().hex\n                product_picker(doc,event[\'id\'],Catalogue(shop),picker_key,editor_key=key)\n            elif event.get(\'type\')==\'refresh\':\n                with st.spinner(\'Refreshing catalogue facts…\'):\n                    refreshed=refresh_catalogues(doc,Catalogue(shop))\n                doc.update(refreshed);doc[\'copy_reviewed\']=False\n                rerun_editor()\n            else:\n                apply_event(doc,event);doc[\'copy_reviewed\']=False\n                rerun_editor()\n        except ValueError as exc:\n            st.session_state[key+\'section_error\']=str(exc);rerun_editor()\n        except Exception as exc:\n            logging.getLogger(__name__).warning(\'crm_catalogue_editor_failed type=%s\',type(exc).__name__)\n            st.session_state[key+\'section_error\']=\'Catalogue facts could not be refreshed. Saved content is retained; retry before testing.\'\n            rerun_editor()\n'

======================================================================
FAIL: test_detail_and_list_errors_remain_inline_without_shell_or_gap (tests.test_crm_campaign_loading.CampaignLoadingTests.test_detail_and_list_errors_remain_inline_without_shell_or_gap) (mode='detail_error')
----------------------------------------------------------------------
Traceback (most recent call last):
  File "C:\Users\hello\Documents\sports-cave-image-factory\tests\test_crm_campaign_loading.py", line 82, in test_detail_and_list_errors_remain_inline_without_shell_or_gap
    self.assert_no_shell(app)
    ~~~~~~~~~~~~~~~~~~~~^^^^^
  File "C:\Users\hello\Documents\sports-cave-image-factory\tests\test_crm_campaign_loading.py", line 60, in assert_no_shell
    self.assertFalse(app.get('empty'))
    ~~~~~~~~~~~~~~~~^^^^^^^^^^^^^^^^^^
AssertionError: [UnknownElement()] is not false

======================================================================
FAIL: test_detail_and_list_errors_remain_inline_without_shell_or_gap (tests.test_crm_campaign_loading.CampaignLoadingTests.test_detail_and_list_errors_remain_inline_without_shell_or_gap) (mode='list_error')
----------------------------------------------------------------------
Traceback (most recent call last):
  File "C:\Users\hello\Documents\sports-cave-image-factory\tests\test_crm_campaign_loading.py", line 82, in test_detail_and_list_errors_remain_inline_without_shell_or_gap
    self.assert_no_shell(app)
    ~~~~~~~~~~~~~~~~~~~~^^^^^
  File "C:\Users\hello\Documents\sports-cave-image-factory\tests\test_crm_campaign_loading.py", line 60, in assert_no_shell
    self.assertFalse(app.get('empty'))
    ~~~~~~~~~~~~~~~~^^^^^^^^^^^^^^^^^^
AssertionError: [UnknownElement()] is not false

======================================================================
FAIL: test_success_renders_real_editor_actions_tabs_and_preview (tests.test_crm_campaign_loading.CampaignLoadingTests.test_success_renders_real_editor_actions_tabs_and_preview)
----------------------------------------------------------------------
Traceback (most recent call last):
  File "C:\Users\hello\Documents\sports-cave-image-factory\tests\test_crm_campaign_loading.py", line 67, in test_success_renders_real_editor_actions_tabs_and_preview
    self.assert_no_shell(app)
    ~~~~~~~~~~~~~~~~~~~~^^^^^
  File "C:\Users\hello\Documents\sports-cave-image-factory\tests\test_crm_campaign_loading.py", line 60, in assert_no_shell
    self.assertFalse(app.get('empty'))
    ~~~~~~~~~~~~~~~~^^^^^^^^^^^^^^^^^^
AssertionError: [UnknownElement()] is not false

======================================================================
FAIL: test_editor_is_emitted_before_delayed_history (tests.test_crm_campaign_first_paint.FirstPaintTests.test_editor_is_emitted_before_delayed_history)
----------------------------------------------------------------------
Traceback (most recent call last):
  File "C:\Users\hello\Documents\sports-cave-image-factory\tests\test_crm_campaign_first_paint.py", line 80, in test_editor_is_emitted_before_delayed_history
    self.assertFalse(app.exception)
    ~~~~~~~~~~~~~~~~^^^^^^^^^^^^^^^
AssertionError: ElementList(_list=[Exception(message="editor() got an unexpected keyword argument 'toolbar'", stack_trace=['File "C:\\Users\\hello\\Documents\\sports-cave-image-factory\\.venv\\Lib\\site-packages\\streamlit\\runtime\\fragment.py", line 442, in wrapped_fragment\n    result = non_optional_func(*args, **kwargs)', 'File "C:\\Users\\hello\\Documents\\sports-cave-image-factory\\crm_campaign_page.py", line 290, in campaign_workspace\n    _selected_campaign(shop,store,actions,navigate,drafts,toolbar=toolbar)\n    ~~~~~~~~~~~~~~~~~~^^^^^^^^^^^^^^^^^^^^^^^^^^^^^^^^^^^^^^^^^^^^^^^^^^^^', 'File "C:\\Python314\\Lib\\unittest\\mock.py", line 1175, in __call__\n    return self._mock_call(*args, **kwargs)\n           ~~~~~~~~~~~~~~~^^^^^^^^^^^^^^^^^', 'File "C:\\Python314\\Lib\\unittest\\mock.py", line 1179, in _mock_call\n    return self._execute_mock_call(*args, **kwargs)\n           ~~~~~~~~~~~~~~~~~~~~~~~^^^^^^^^^^^^^^^^^', 'File "C:\\Python314\\Lib\\unittest\\mock.py", line 1240, in _execute_mock_call\n    result = effect(*args, **kwargs)'])]) is not false

======================================================================
FAIL: test_ui_defaults_rerun_and_edits_persist_without_hidden_conversions (tests.test_crm_campaign_sections.SectionPersistenceTests.test_ui_defaults_rerun_and_edits_persist_without_hidden_conversions)
----------------------------------------------------------------------
Traceback (most recent call last):
  File "C:\Users\hello\Documents\sports-cave-image-factory\tests\test_crm_campaign_sections.py", line 154, in test_ui_defaults_rerun_and_edits_persist_without_hidden_conversions
    self.assertNotIn('html_sections', saved)
    ~~~~~~~~~~~~~~~~^^^^^^^^^^^^^^^^^^^^^^^^
AssertionError: 'html_sections' unexpectedly found in {'tags': [], 'type': 'Collector Launch', 'notes': '', 'offer': 'None', 'blocks': [], 'counts': {}, 'market': 'AU', 'content': {'ps': '', 'body': '', 'intro': '', 'cta_url': '', 'eyebrow': '', 'subject': '', 'headline': '', 'hero_alt': '', 'hero_url': '', 'cta_label': '', 'preheader': '', 'secondary': '', 'product_block': ''}, 'product': {}, 'audience': {'kind': 'Rules', 'name': 'Subscribed · AUSTRALIA', 'rules': {'all': [{'op': 'eq', 'field': 'consent', 'value': 'SUBSCRIBED'}, {'op': 'eq', 'field': 'country', 'value': 'AU'}]}}, 'objective': 'Launch', 'custom_html': '<!doctype html><html><head><style>body{display:none}</style></head><body><table><tr><td><h1>A collector moment</h1><p>Discover the collection.</p><a href="https://www.sportscaveshop.com">Explore</a></td></tr></table></body></html>', 'send_timing': {'mode': 'now'}, 'smart_hours': 16, 'campaign_key': 'sc_acb5b51a3eb24b7aa61ed5f0cfd3f887', 'content_mode': 'HTML', 'template_ref': {}, 'copy_reviewed': False, 'html_sections': {'footer': '<table role="presentation" width="100%" cellspacing="0" cellpadding="0" border="0" bgcolor="#171717">\n<tr><td align="center" style="padding:24px;color:#eeeeeb;background-color:#171717;border-top:3px solid #c9a33f;font-family:Arial;font-size:13px;line-height:1.6">\n<p><strong>{{BUSINESS_NAME}}</strong></p>\n<p><a href="https://www.instagram.com/sportscaveshop/" style="color:#dfc986">Instagram</a> · <a href="https://www.facebook.com/profile.php?id=100090408036260" style="color:#dfc986">Facebook</a> · <a href="https://au.pinterest.com/SportsCaveShop/" style="color:#dfc986">Pinterest</a></p>\n<p><a href="{{WEBSITE_URL}}" style="color:#eeeeeb">Website</a> · <a href="{{CONTACT_URL}}" style="color:#eeeeeb">{{CONTACT_EMAIL}}</a></p>\n<p>{{BUSINESS_ADDRESS}}</p>\n<p>{{MARKETING_DISCLOSURE}}</p>\n<p><a href="{{UNSUBSCRIBE_URL}}" style="color:#dfc986">Unsubscribe</a>{{PRIVACY_LINK}}</p>\n</td></tr></table>', 'header': '<table role="presentation" width="100%" cellspacing="0" cellpadding="0">\n<tr><td style="padding:22px 24px;background-color:#171717;color:#ffffff;border-bottom:3px solid #b49450;font-family:Arial;font-size:20px;font-weight:700">\nSPORTS CAVE\n<p style="font-family:Arial;font-size:11px;color:#dfc986">CAMPAIGN TEST / PREVIEW · LIVE MARKETING DISABLED</p>\n</td></tr>\n</table>'}, 'offer_reviewed': False, 'market_audience': True, 'middle_sections': [{'id': 'html-1', 'html': '<!doctype html><html><head><style>body{display:none}</style></head><body><table><tr><td><h1>A collector moment</h1><p>Discover the collection.</p><a href="https://www.sportscaveshop.com">Explore</a></td></tr></table></body></html>', 'type': 'html', 'visible': True, 'html_number': 1}], 'renderer_version': 1}

----------------------------------------------------------------------
Ran 128 tests in 8.929s

FAILED (failures=6, skipped=1)
Local durable publish acceptance: 5.9 ms
