C:\Users\hello\Documents\sports-cave-image-factory\.venv\Lib\site-packages\fastapi\testclient.py:1: StarletteDeprecationWarning: Using `httpx` with `starlette.testclient` is deprecated; install `httpx2` instead.
  from starlette.testclient import TestClient as TestClient  # noqa
............................automation_publication job_id=caee8965-e152-4ec5-af97-5d8a661225c8 revision=3 state=FAILED error_class=ValueError
..automation_publication job_id=a7040f2d-a1b4-4315-931c-a89122378f28 revision=2 state=FAILED error_class=ValueError
..AUTOMATIONS_HOME_READ_START read=identities key=89d98dda1319 future=- 
AUTOMATIONS_HOME_READ_COMPLETE read=identities key=89d98dda1319 future=- elapsed_ms=5 rows=0
AUTOMATIONS_HOME_RESULT_CONSUMED read=identities key=89d98dda1319 future=- rows=0
AUTOMATIONS_HOME_READ_START read=identities key=89d98dda1319 future=- 
AUTOMATIONS_HOME_READ_COMPLETE read=identities key=89d98dda1319 future=- elapsed_ms=4 rows=1
AUTOMATIONS_HOME_RESULT_CONSUMED read=identities key=89d98dda1319 future=- rows=1
AUTOMATIONS_HOME_READ_START read=identities key=89d98dda1319 future=- 
AUTOMATIONS_HOME_READ_COMPLETE read=identities key=89d98dda1319 future=- elapsed_ms=4 rows=1
AUTOMATIONS_HOME_RESULT_CONSUMED read=identities key=89d98dda1319 future=- rows=1
AUTOMATIONS_HOME_READ_START read=identities key=89d98dda1319 future=- 
AUTOMATIONS_HOME_READ_COMPLETE read=identities key=89d98dda1319 future=- elapsed_ms=4 rows=1
AUTOMATIONS_HOME_RESULT_CONSUMED read=identities key=89d98dda1319 future=- rows=1
......automation_publication job_id=3a98fcfd-de91-42b9-ab5c-62721c2c2c61 revision=2 state=FAILED error_class=ValueError
..automation_publication job_id=60e8255c-cd7c-40b3-a2cb-9383a42a9af0 revision=2 state=FAILED error_class=ValueError
automation_publication job_id=60e8255c-cd7c-40b3-a2cb-9383a42a9af0 revision=2 state=FAILED error_class=ValueError
.automation_publication job_id=bc52f5a9-fd1a-4ca2-92ad-4eec8bbbcfba revision=2 state=QUEUED error_class=StoreUnavailable
....AUTOMATIONS_HOME_READ_COMPLETE read=checkout-enrollment-progress key=9a75873670bc future=- generation=6fa95fb866b4 elapsed_ms=0 rows=1
AUTOMATIONS_HOME_READ_START read=checkout-enrollment-progress key=9a75873670bc future=0x19ff52005f0 generation=6fa95fb866b4 cache_entries=1
AUTOMATIONS_HOME_RESULT_CONSUMED read=checkout-enrollment-progress key=9a75873670bc future=0x19ff52005f0 generation=6fa95fb866b4 rows=1
2026-10-08 15:09:03.544 WARNING streamlit.runtime.scriptrunner_utils.script_run_context: Thread 'MainThread': missing ScriptRunContext! This warning can be ignored when running in bare mode.
2026-10-08 15:09:03.698 
  Warning: to view this Streamlit app on a browser, run it with the following
  command:

    streamlit run python.exe -m unittest [ARGUMENTS]
2026-10-08 15:09:03.698 Thread 'MainThread': missing ScriptRunContext! This warning can be ignored when running in bare mode.
2026-10-08 15:09:03.698 Thread 'MainThread': missing ScriptRunContext! This warning can be ignored when running in bare mode.
2026-10-08 15:09:03.699 Thread 'MainThread': missing ScriptRunContext! This warning can be ignored when running in bare mode.
2026-10-08 15:09:03.699 Thread 'MainThread': missing ScriptRunContext! This warning can be ignored when running in bare mode.
2026-10-08 15:09:03.699 Thread 'MainThread': missing ScriptRunContext! This warning can be ignored when running in bare mode.
2026-10-08 15:09:03.699 Thread 'MainThread': missing ScriptRunContext! This warning can be ignored when running in bare mode.
2026-10-08 15:09:03.699 Thread 'MainThread': missing ScriptRunContext! This warning can be ignored when running in bare mode.
2026-10-08 15:09:03.699 Thread 'MainThread': missing ScriptRunContext! This warning can be ignored when running in bare mode.
2026-10-08 15:09:03.699 Thread 'MainThread': missing ScriptRunContext! This warning can be ignored when running in bare mode.
2026-10-08 15:09:03.699 Thread 'MainThread': missing ScriptRunContext! This warning can be ignored when running in bare mode.
2026-10-08 15:09:03.699 Thread 'MainThread': missing ScriptRunContext! This warning can be ignored when running in bare mode.
2026-10-08 15:09:03.700 Thread 'MainThread': missing ScriptRunContext! This warning can be ignored when running in bare mode.
2026-10-08 15:09:03.700 Thread 'MainThread': missing ScriptRunContext! This warning can be ignored when running in bare mode.
2026-10-08 15:09:03.700 Thread 'MainThread': missing ScriptRunContext! This warning can be ignored when running in bare mode.
2026-10-08 15:09:03.700 Thread 'MainThread': missing ScriptRunContext! This warning can be ignored when running in bare mode.
2026-10-08 15:09:03.700 Thread 'MainThread': missing ScriptRunContext! This warning can be ignored when running in bare mode.
2026-10-08 15:09:03.700 Thread 'MainThread': missing ScriptRunContext! This warning can be ignored when running in bare mode.
..2026-10-08 15:09:03.701 Thread 'MainThread': missing ScriptRunContext! This warning can be ignored when running in bare mode.
2026-10-08 15:09:03.701 Thread 'MainThread': missing ScriptRunContext! This warning can be ignored when running in bare mode.
2026-10-08 15:09:03.701 Thread 'MainThread': missing ScriptRunContext! This warning can be ignored when running in bare mode.
...2026-10-08 15:09:03.702 Thread 'MainThread': missing ScriptRunContext! This warning can be ignored when running in bare mode.
2026-10-08 15:09:03.703 Thread 'MainThread': missing ScriptRunContext! This warning can be ignored when running in bare mode.
2026-10-08 15:09:03.703 Thread 'MainThread': missing ScriptRunContext! This warning can be ignored when running in bare mode.
..................crm_send_held phase=submission type=EmailDeliveryError
.crm_send_held phase=submission type=EmailDeliveryError
......crm_send_held phase=submission type=TimeoutError
.........automation_read stage=delivery failure=ValueError
.AUTOMATIONS_HOME_READ_TIMEOUT read=counts key=c7e540faadcc future=- elapsed_ms=21000
.AUTOMATIONS_HOME_READ_START read=identities key=89d98dda1319 future=- 
AUTOMATIONS_HOME_READ_COMPLETE read=identities key=89d98dda1319 future=- elapsed_ms=0 rows=1
AUTOMATIONS_HOME_RESULT_CONSUMED read=identities key=89d98dda1319 future=- rows=1
.AUTOMATIONS_HOME_READ_START read=identities key=89d98dda1319 future=- 
AUTOMATIONS_HOME_READ_COMPLETE read=identities key=89d98dda1319 future=- elapsed_ms=0 rows=0
AUTOMATIONS_HOME_RESULT_CONSUMED read=identities key=89d98dda1319 future=- rows=0
.AUTOMATIONS_HOME_READ_START read=identities key=89d98dda1319 future=- 
AUTOMATIONS_HOME_READ_COMPLETE read=identities key=89d98dda1319 future=- elapsed_ms=0 rows=1
AUTOMATIONS_HOME_RESULT_CONSUMED read=identities key=89d98dda1319 future=- rows=1
AUTOMATIONS_HOME_READ_START read=identities key=89d98dda1319 future=- 
AUTOMATIONS_HOME_READ_TIMEOUT read=identities key=89d98dda1319 future=- exception=TimeoutError
..AUTOMATIONS_HOME_READ_TIMEOUT read=activity key=d638138bf356 future=0x19ff5c58250 elapsed_ms=21000
..................crm_send_held phase=submission type=EmailDeliveryError
.........................
----------------------------------------------------------------------
Ran 133 tests in 32.590s

OK
Local durable publish acceptance: 6.4 ms
PERF controlled 12-row old path: 2.357s, SQL calls=480, commits=132, fresh lookups=24; new ack=0.009s, completed=4.611s; same fresh checks, Shopify concurrency capped at 2
PERF 12 selected: durable acknowledgement=0.009s; independent completion while slow lookup blocked; max_inflight=4
